// Jest Snapshot v1, https://goo.gl/fbAQLP

exports[`Dashboard.vue renders as expected 1`] = `
<div class="bg-purple-50">
  <div class="max-w-sm mx-auto pt-24 px-6 md:px-0">
    <h1 class="font-black text-3xl">Register</h1>
    <div class="my-8">
      <form class="my-12"><label for="name" class=""><span class="text-xl font-black">Email</span></label><input type="email" name="email" id="email" class="
              p-2
              mb-12
              w-full
              border-0 border-b-2 border-black
              bg-purple-50
            "><label for="name" class=""><span class="text-xl font-black">Username</span></label><input type="text" name="username" id="name" class="p-2 w-full border-0 border-b-2 border-black bg-purple-50">
        <div class="text-sm h-12">
          <transition-stub>
            <!--v-if-->
          </transition-stub>
        </div><label for="password" class="mt-36"><span class="text-xl font-black">Password</span></label><input type="password" name="password" class="
              p-2
              w-full
              border-0 border-b-2 border-black
              bg-purple-50
              mb-12
            " id="password"><br><label for="password" class="mt-24"><span class="text-xl font-black">Re-Enter Password</span></label><input type="password" name="password2" class="p-2 w-full border-0 border-b-2 border-black bg-purple-50" id="password"><br>
        <div class="mt-20">
          <transition-stub><input type="submit" class="px-4 py-2 border-2 rounded-md font-black w-full cursor-not-allowed text-gray-400" disabled=""></transition-stub>
        </div>
      </form>
    </div>
  </div>
</div>
`;
